vis_t_est range: [-5.000, 30.000] s, n=17501
vis_t_quat range: [-5.000, 30.000] s, n=35001
leg_t_est range: [-5.000, 30.000] s, n=29156

Visual quat_fw at sim-time:
  t= -5.00: q=[ 1.0000  0.0000  0.0000  0.0000]  |q|=1.0000
  t= -1.00: q=[ 1.0000  0.0000  0.0000  0.0000]  |q|=1.0000
  t=  0.00: q=[ 1.0000  0.0000  0.0000  0.0000]  |q|=1.0000
  t=  1.00: q=[ 1.0000  0.0000  0.0000  0.0000]  |q|=1.0000
  t=  2.00: q=[ 1.0000  0.0000  0.0000  0.0000]  |q|=1.0000
  t=  3.00: q=[ 1.0000  0.0000  0.0000  0.0000]  |q|=1.0000
  t=  4.00: q=[ 1.0000  0.0000  0.0000  0.0000]  |q|=1.0000
  t=  4.50: q=[ 1.0000  0.0000  0.0000  0.0000]  |q|=1.0000
  t=  5.00: q=[ 0.6894 -0.7244  0.0011  0.0012]  |q|=1.0000
  t=  6.00: q=[ 0.8046 -0.3713 -0.0100 -0.4633]  |q|=1.0000
  t= 10.00: q=[ 0.6338 -0.7670  0.0038  0.1002]  |q|=1.0000
  t= 15.00: q=[ 0.5691 -0.7982  0.0059  0.1973]  |q|=1.0000
  t= 30.00: q=[ 0.3281 -0.8208  0.0119  0.4675]  |q|=1.0000

Legacy quat_fw at sim-time:
  t= -5.00: q=[ 1.0000  0.0000  0.0000  0.0000]
  t= -1.00: q=[ 1.0000  0.0000  0.0000  0.0000]
  t=  0.00: q=[ 1.0000  0.0000  0.0000  0.0000]
  t=  1.00: q=[ 1.0000  0.0000  0.0000  0.0000]
  t=  2.00: q=[ 1.0000  0.0000  0.0000  0.0000]
  t=  3.00: q=[ 1.0000  0.0000  0.0000  0.0000]
  t=  4.00: q=[ 1.0000  0.0000  0.0000  0.0000]
  t=  4.50: q=[ 1.0000  0.0000  0.0000  0.0000]
  t=  5.00: q=[ 0.7262  0.6875  0.0011 -0.0011]
  t=  6.00: q=[ 0.7266  0.6871  0.0011 -0.0009]
  t= 10.00: q=[ 0.7281  0.6855  0.0010 -0.0006]
  t= 15.00: q=[ 0.7296  0.6839  0.0009 -0.0002]
  t= 30.00: q=[ 0.7362  0.6768  0.0009  0.0009]

Legacy truth_quat_fw at sim-time:
  t= -5.00: q=[ 0.7133  0.7009  0.0000  0.0000]
  t= -1.00: q=[ 0.7133  0.7009  0.0000  0.0000]
  t=  0.00: q=[ 0.7133  0.7009  0.0000  0.0000]
  t=  1.00: q=[ 0.7315  0.6819  0.0000  0.0000]
  t=  2.00: q=[ 0.7281  0.6855  0.0000  0.0000]
  t=  3.00: q=[ 0.7289  0.6846  0.0000  0.0000]
  t=  4.00: q=[ 0.7295  0.6839  0.0000  0.0000]
  t=  4.50: q=[ 0.7297  0.6837  0.0000  0.0000]
  t=  5.00: q=[ 0.7300  0.6835  0.0000  0.0000]
  t=  6.00: q=[ 0.7304  0.6830  0.0000  0.0000]
  t= 10.00: q=[ 0.7320  0.6813  0.0000  0.0000]
  t= 15.00: q=[ 0.7337  0.6795  0.0000  0.0000]
  t= 30.00: q=[ 0.7408  0.6717  0.0000  0.0000]

Visual state_x [alt vel ab bb] at sim-time:
  t= -5.00 (idx 1): [    0.000     0.000    0.0000    0.0000]
  t= -2.00 (idx 1501): [    0.000     0.000    0.0000    0.0000]
  t= -1.00 (idx 2001): [    0.000     0.000    0.0000    0.0000]
  t=  0.00 (idx 2501): [    0.000     0.000    0.0000    0.0000]
  t=  0.00 (idx 2501): [    0.000     0.000    0.0000    0.0000]
  t=  1.00 (idx 3001): [    0.000     0.000    0.0000    0.0000]
  t=  2.00 (idx 3501): [    0.000     0.000    0.0000    0.0000]
  t=  3.00 (idx 4001): [    0.000     0.000    0.0000    0.0000]
  t=  4.00 (idx 4501): [    0.000     0.000    0.0000    0.0000]
  t=  5.00 (idx 5001): [ 4900.242    -0.076    0.0000    0.0000]
  t= 10.00 (idx 7501): [ 4814.805    14.507    0.0000    0.0000]
  t= 15.00 (idx 10001): [ 4898.788   -14.648    0.0000    0.0000]
  t= 30.00 (idx 17501): [ 2912.492  -219.142    0.0000    0.0000]

Legacy state_x at sim-time:
  t= -5.00 (idx 1): [    0.000     0.000    0.0000    0.0000]
  t= -2.00 (idx 2500): [    0.000     0.000    0.0000    0.0000]
  t= -1.00 (idx 3334): [    0.000     0.000    0.0000    0.0000]
  t=  0.00 (idx 4166): [    0.000     0.000    0.0000    0.0000]
  t=  0.00 (idx 4166): [    0.000     0.000    0.0000    0.0000]
  t=  1.00 (idx 4999): [    0.000     0.000    0.0000    0.0000]
  t=  2.00 (idx 5833): [    0.000     0.000    0.0000    0.0000]
  t=  3.00 (idx 6666): [    0.000     0.000    0.0000    0.0000]
  t=  4.00 (idx 7498): [    0.000     0.000    0.0000    0.0000]
  t=  5.00 (idx 8331): [ 4900.243     0.000    0.0000    0.0000]
  t= 10.00 (idx 12497): [ 6001.309   511.183    0.0000    0.0000]
  t= 15.00 (idx 16661): [ 8226.821   328.309    0.0000    0.0000]
  t= 30.00 (idx 29156): [10369.691    16.643    0.0000    0.0000]

Legacy attitude init: complete at t=4.999 (sample 8330)
